// Jest Snapshot v1, https://goo.gl/fbAQLP

exports[`article view tests should render article view 1`] = `
<div>
  <Connect(ArticleComponent)
    getInputFocus={[Function]}
    handleEdit={[Function]}
    imageInput={
      Object {
        "current": null,
      }
    }
    onImageChange={[Function]}
    rating={<withRouter(Connect(RatingsView)) />}
  />
</div>
`;
