// Jest Snapshot v1, https://goo.gl/fbAQLP

exports[`single article view tests it should match snapshot 1`] = `
<Segment
  basic={true}
  loader={false}
>
  <Container
    style={
      Object {
        "marginTop": "7em",
      }
    }
    text={true}
  >
    <Header
      as="h1"
      id="single-article-head"
    />
    <p
      id="article-description"
    />
    <Image
      as="img"
      className="article-image"
      src="https://source.unsplash.com/random/720x580"
      ui={true}
    />
    <div
      className="clearfix"
    >
      <span
        className="article-span"
      />
      | 
      <span
        className="article-span"
      >
        Wednesday 27th February 2019
      </span>
      <span
        className="article-span float-right"
      />
    </div>
    <div
      className="article-body"
    />
  </Container>
</Segment>
`;
