// Jest Snapshot v1, https://goo.gl/fbAQLP

exports[`single article view tests it should match snapshot 1`] = `
<Segment
  basic={true}
  loader={false}
>
  <Container
    style={
      Object {
        "marginTop": "7em",
      }
    }
    text={true}
  >
    <Header
      as="h1"
      id="single-article-head"
    />
    <p
      id="article-description"
    />
    <span
      className="article-span"
    />
    | 
    <span
      className="article-span"
    >
      Friday 1st March 2019
    </span>
    <Input
      className="inputfile"
      id="file"
      name="file"
      style={
        Object {
          "display": "none",
        }
      }
      type="file"
    />
    <Image
      as="img"
      className="article-image"
      htmlFor="file"
      label={
        Object {
          "as": "a",
          "color": "teal",
          "corner": "right",
          "icon": "edit outline",
          "onClick": undefined,
        }
      }
      src="https://source.unsplash.com/random/720x580"
      ui={true}
    />
    <span
      className="article-body"
    />
  </Container>
</Segment>
`;
