// Jest Snapshot v1, https://goo.gl/fbAQLP

exports[`article listing component should match snapshot 1`] = `
<Segment
  basic={true}
  loading={false}
>
  <Grid>
    <GridColumn
      width={12}
    >
      <ItemGroup
        divided={true}
      />
    </GridColumn>
    <GridColumn
      width={4}
    />
  </Grid>
</Segment>
`;
