// Jest Snapshot v1, https://goo.gl/fbAQLP

exports[`test article editor component it should match snapshot 1`] = `
<Container>
  <Grid>
    <GridRow>
      <GridColumn
        width={12}
      >
        <p
          className="editor-error"
        />
        <FormInput
          as={[Function]}
          className="editor-input"
          control={[Function]}
          fluid={true}
          maxLength={80}
          name="title"
          onChange={[MockFunction]}
          placeholder="Title"
          transparent={true}
        />
        <p
          className="editor-error"
        />
        <FormInput
          as={[Function]}
          className="editor-input"
          control={[Function]}
          fluid={true}
          maxLength={80}
          name="description"
          onChange={[MockFunction]}
          placeholder="Description"
          required={true}
          transparent={true}
        />
        <TagsInput
          addKeys={
            Array [
              9,
              13,
            ]
          }
          addOnBlur={false}
          addOnPaste={false}
          className="react-tagsinput"
          disabled={false}
          focusedClassName="react-tagsinput--focused"
          inputProps={Object {}}
          maxTags={-1}
          onChange={[MockFunction]}
          onlyUnique={false}
          pasteSplit={[Function]}
          preventSubmit={true}
          removeKeys={
            Array [
              8,
            ]
          }
          renderInput={[Function]}
          renderLayout={[Function]}
          renderTag={[Function]}
          tagDisplayProp={null}
          tagProps={
            Object {
              "className": "react-tagsinput-tag",
              "classNameRemove": "react-tagsinput-remove",
            }
          }
          validationRegex={/\\.\\*/}
          value={Array []}
        />
        <p
          className="success-message"
        />
      </GridColumn>
      <GridColumn
        className="right-column"
        width={4}
      >
        <Button
          as="button"
          basic={true}
          color="green"
          content="Post"
          onClick={[MockFunction]}
          position="right"
          type="submit"
        />
      </GridColumn>
    </GridRow>
  </Grid>
  <div
    className="editor-container"
  >
    <div>
      <p
        className="editor-error"
      />
    </div>
    <CKEditor
      activeClass=""
      config={Object {}}
      content=""
      events={
        Object {
          "change": [MockFunction],
        }
      }
      isScriptLoaded={false}
      scriptUrl="https://cdn.ckeditor.com/4.6.2/standard/ckeditor.js"
    />
  </div>
</Container>
`;
